// Jest Snapshot v1, https://goo.gl/fbAQLP

exports[`icon 不是个div 1`] = `
<div
  className="icon"
/>
`;
